error: Conflicting attributes are declared.
 --> $DIR/conflicting_automata_attr.rs:6:5
  |
6 |     #[automaton] // this should error because it is the second one
  |     ^^^^^^^^^^^^
